// Jest Snapshot v1, https://goo.gl/fbAQLP

exports[`Renders without crashing 1`] = `
<Fragment>
  <FormSelect
    aria-label="Tipo comprobante Select"
    className=""
    isDisabled={false}
    isRequired={false}
    isValid={true}
    onBlur={[Function]}
    onChange={[Function]}
    onFocus={[Function]}
    validated="default"
    value=""
  >
    <FormSelectOption
      key="0"
      label="value1"
      value="key1"
    />
    <FormSelectOption
      key="1"
      label="value2"
      value="key2"
    />
    <FormSelectOption
      key="2"
      label="value3"
      value="key3"
    />
  </FormSelect>
</Fragment>
`;
