// Jest Snapshot v1, https://goo.gl/fbAQLP

exports[`Renders without crashing 1`] = `
<SelectCatalog
  options={
    Map {
      "" => "Seleccione",
      "GRAVADO_OPERACION_ONEROSA" => "GRA. OPERACION ONEROSA",
      "GRAVADO_RETIRO_POR_PREMIO" => "GRA. RETIRO POR PREMIO",
      "GRAVADO_RETIRO_POR_DONACION" => "GRA. RETIRO POR DONACIÓN",
      "GRAVADO_RETIRO" => "GRA. RETIRO",
      "GRAVADO_RETIRO_POR_PUBLICIDAD" => "GRA. RETIRO POR PUBLICIDAD",
      "GRAVADO_BONIFICACIONES" => "GRA. BONIFICACIONES",
      "GRAVADO_RETIRO_POR_ENTREGA_A_TRABAJADORES" => "GRA. RETIRO POR ENTREGA A TRAB.",
      "GRAVADO_IVAP" => "GRA. IVAP",
      "EXONERADO_OPERACION_ONEROSA" => "EXO. OPERACIÓN ONEROSA",
      "EXONERADO_TRANSFERENCIA_GRATUITA" => "EXO. TRANSFERENCIA GRATUITA",
      "INAFECTO_OPERACION_ONEROSA" => "INA. OPERACIÓN ONEROSA",
      "INAFECTO_RETIRO_POR_BONIFICACION" => "INA. RETIRO POR BONIFICACIÓN",
      "INAFECTO_RETIRO" => "INA. RETIRO",
      "INAFECTO_RETIRO_POR_MUESTRAS_MEDICAS" => "INA. RETIRO POR MUESTRAS MÉDICAS",
      "INAFECTO_RETIRO_POR_CONVENIO_COLECTIVO" => "INA. RETIRO POR CONVENIO COLECTIVO",
      "INAFECTO_RETIRO_POR_PREMIO" => "INA. RETIRO POR PREMIO",
      "INAFECTO_RETIRO_POR_PUBLICIDAD" => "INA. RETIRO POR PUBLICIDAD",
      "EXPORTACION" => "EXPORTACION",
    }
  }
/>
`;
